Microsoft (R) Macro Assembler Version 14.28.29336.0	    05/04/21 22:37:17
Source.asm						     Page 1 - 1


				.586P
				.MODEL FLAT, STDCALL
				includelib kernel32.lib

				ExitProcess PROTO : DWORD
				MessageBoxA PROTO : DWORD, : DWORD, : DWORD, : DWORD

				.STACK 4096

 00000000			.DATA 
 00000000 D1 F3 EC EC E0	STR1 DB "Сумма", 0
	   00
 00000006 D0 E5 E7 F3 EB	STR2 DB "Результат сложения = 0", 0
	   FC F2 E0 F2 20
	   F1 EB EE E6 E5
	   ED E8 FF 20 3D
	   20 30 00
 0000001D 03			SUM DB 3

 00000000			.CODE
 00000000			main PROC 
 00000000			START :
 00000000  80 05 0000001D R	ADD SUM, 2
	   02
 00000007  8A 1D 0000001D R	MOV bl, SUM
 0000000D  00 1D 0000001B R	ADD [STR2+21], bl
 00000013  6A 00		PUSH 0
 00000015  68 00000000 R	PUSH OFFSET STR1
 0000001A  68 00000006 R	PUSH OFFSET STR2
 0000001F  6A 00		PUSH 0
 00000021  E8 00000000 E	CALL MessageBoxA 

 00000026  6A FF		push - 1
 00000028  E8 00000000 E	call ExitProcess 
 0000002D			main ENDP

				end main
Microsoft (R) Macro Assembler Version 14.28.29336.0	    05/04/21 22:37:17
Source.asm						     Symbols 2 - 1




Segments and Groups:

                N a m e                 Size     Length   Align   Combine Class

FLAT . . . . . . . . . . . . . .	GROUP
STACK  . . . . . . . . . . . . .	32 Bit	 00001000 Para	  Stack	  'STACK'	 
_DATA  . . . . . . . . . . . . .	32 Bit	 0000001E Para	  Public  'DATA'	
_TEXT  . . . . . . . . . . . . .	32 Bit	 0000002D Para	  Public  'CODE'	


Procedures, parameters, and locals:

                N a m e                 Type     Value    Attr

ExitProcess  . . . . . . . . . .	P Near	 00000000 FLAT	Length= 00000000 External STDCALL
MessageBoxA  . . . . . . . . . .	P Near	 00000000 FLAT	Length= 00000000 External STDCALL
main . . . . . . . . . . . . . .	P Near	 00000000 _TEXT	Length= 0000002D Public STDCALL
  START  . . . . . . . . . . . .	L Near	 00000000 _TEXT	


Symbols:

                N a m e                 Type     Value    Attr

@CodeSize  . . . . . . . . . . .	Number	 00000000h   
@DataSize  . . . . . . . . . . .	Number	 00000000h   
@Interface . . . . . . . . . . .	Number	 00000003h   
@Model . . . . . . . . . . . . .	Number	 00000007h   
@code  . . . . . . . . . . . . .	Text   	 _TEXT
@data  . . . . . . . . . . . . .	Text   	 FLAT
@fardata?  . . . . . . . . . . .	Text   	 FLAT
@fardata . . . . . . . . . . . .	Text   	 FLAT
@stack . . . . . . . . . . . . .	Text   	 FLAT
STR1 . . . . . . . . . . . . . .	Byte	 00000000 _DATA	
STR2 . . . . . . . . . . . . . .	Byte	 00000006 _DATA	
SUM  . . . . . . . . . . . . . .	Byte	 0000001D _DATA	

	   0 Warnings
	   0 Errors
